// Jest Snapshot v1, https://goo.gl/fbAQLP

exports[`Template When creating the bucket stack Creates Bucket to match snapshot 1`] = `
{
  "Parameters": {
    "BootstrapVersion": {
      "Default": "/cdk-bootstrap/hnb659fds/version",
      "Description": "Version of the CDK Bootstrap resources in this environment, automatically retrieved from SSM Parameter Store. [cdk:skip]",
      "Type": "AWS::SSM::Parameter::Value<String>",
    },
  },
  "Resources": {
    "Bucket83908E77": {
      "DeletionPolicy": "Retain",
      "Properties": {
        "BucketEncryption": {
          "ServerSideEncryptionConfiguration": [
            {
              "ServerSideEncryptionByDefault": {
                "SSEAlgorithm": "AES256",
              },
            },
          ],
        },
        "BucketName": "ecs-watchbot-binaries-stg",
        "LifecycleConfiguration": {
          "Rules": [
            {
              "AbortIncompleteMultipartUpload": {
                "DaysAfterInitiation": 1,
              },
              "Id": "AbortIncompleteMultipartUploads",
              "Status": "Enabled",
            },
            {
              "Id": "ExpireNonCurrentVersions",
              "NoncurrentVersionExpiration": {
                "NoncurrentDays": 1,
              },
              "Status": "Enabled",
            },
            {
              "ExpirationInDays": 14,
              "Status": "Enabled",
            },
          ],
        },
        "PublicAccessBlockConfiguration": {
          "BlockPublicAcls": true,
          "IgnorePublicAcls": true,
        },
        "VersioningConfiguration": {
          "Status": "Enabled",
        },
      },
      "Type": "AWS::S3::Bucket",
      "UpdateReplacePolicy": "Retain",
    },
    "BucketPolicyE9A3008A": {
      "Properties": {
        "Bucket": {
          "Ref": "Bucket83908E77",
        },
        "PolicyDocument": {
          "Statement": [
            {
              "Action": "s3:GetObject",
              "Effect": "Allow",
              "Principal": {
                "AWS": "*",
              },
              "Resource": {
                "Fn::Join": [
                  "",
                  [
                    {
                      "Fn::GetAtt": [
                        "Bucket83908E77",
                        "Arn",
                      ],
                    },
                    "/*",
                  ],
                ],
              },
            },
          ],
          "Version": "2012-10-17",
        },
      },
      "Type": "AWS::S3::BucketPolicy",
    },
  },
  "Rules": {
    "CheckBootstrapVersion": {
      "Assertions": [
        {
          "Assert": {
            "Fn::Not": [
              {
                "Fn::Contains": [
                  [
                    "1",
                    "2",
                    "3",
                    "4",
                    "5",
                  ],
                  {
                    "Ref": "BootstrapVersion",
                  },
                ],
              },
            ],
          },
          "AssertDescription": "CDK bootstrap stack version 6 required. Please run 'cdk bootstrap' with a recent version of the CDK CLI.",
        },
      ],
    },
  },
}
`;

exports[`Template When creating the pipeline stack Creates Pipeline to match snapshot 1`] = `
{
  "Parameters": {
    "BootstrapVersion": {
      "Default": "/cdk-bootstrap/hnb659fds/version",
      "Description": "Version of the CDK Bootstrap resources in this environment, automatically retrieved from SSM Parameter Store. [cdk:skip]",
      "Type": "AWS::SSM::Parameter::Value<String>",
    },
  },
  "Resources": {
    "AlpineBundle646137AC": {
      "Properties": {
        "Artifacts": {
          "Type": "CODEPIPELINE",
        },
        "Cache": {
          "Type": "NO_CACHE",
        },
        "Description": "Builds watchbot binaries for alpine OS",
        "EncryptionKey": "alias/aws/s3",
        "Environment": {
          "ComputeType": "BUILD_GENERAL1_SMALL",
          "EnvironmentVariables": [
            {
              "Name": "BUCKET_NAME",
              "Type": "PLAINTEXT",
              "Value": "ecs-watchbot-binaries-stg",
            },
          ],
          "Image": "public.ecr.aws/docker/library/node:18-alpine",
          "ImagePullCredentialsType": "CODEBUILD",
          "PrivilegedMode": false,
          "Type": "LINUX_CONTAINER",
        },
        "LogsConfig": {
          "CloudWatchLogs": {
            "GroupName": {
              "Ref": "CodebuildLogs71A917B2",
            },
            "Status": "ENABLED",
          },
        },
        "Name": "dummy-stack-alpine-bundler",
        "ServiceRole": {
          "Fn::GetAtt": [
            "AlpineBundleRole73C0A50F",
            "Arn",
          ],
        },
        "Source": {
          "BuildSpec": "{
  "version": "0.2",
  "phases": {
    "install": {
      "commands": [
        "apk add git",
        "npm ci --production"
      ]
    },
    "build": {
      "commands": [
        "node bin/watchbot-binary-generator alpine"
      ]
    }
  }
}",
          "Type": "CODEPIPELINE",
        },
      },
      "Type": "AWS::CodeBuild::Project",
    },
    "AlpineBundleRole73C0A50F": {
      "Properties": {
        "AssumeRolePolicyDocument": {
          "Statement": [
            {
              "Action": "sts:AssumeRole",
              "Effect": "Allow",
              "Principal": {
                "Service": "codebuild.amazonaws.com",
              },
            },
          ],
          "Version": "2012-10-17",
        },
      },
      "Type": "AWS::IAM::Role",
    },
    "AlpineBundleRoleDefaultPolicy4B149A9D": {
      "Properties": {
        "PolicyDocument": {
          "Statement": [
            {
              "Action": [
                "logs:CreateLogStream",
                "logs:PutLogEvents",
              ],
              "Effect": "Allow",
              "Resource": {
                "Fn::GetAtt": [
                  "CodebuildLogs71A917B2",
                  "Arn",
                ],
              },
            },
            {
              "Action": [
                "logs:CreateLogGroup",
                "logs:CreateLogStream",
                "logs:PutLogEvents",
              ],
              "Effect": "Allow",
              "Resource": [
                {
                  "Fn::Join": [
                    "",
                    [
                      "arn:",
                      {
                        "Ref": "AWS::Partition",
                      },
                      ":logs:us-east-1:222258372212:log-group:/aws/codebuild/",
                      {
                        "Ref": "AlpineBundle646137AC",
                      },
                    ],
                  ],
                },
                {
                  "Fn::Join": [
                    "",
                    [
                      "arn:",
                      {
                        "Ref": "AWS::Partition",
                      },
                      ":logs:us-east-1:222258372212:log-group:/aws/codebuild/",
                      {
                        "Ref": "AlpineBundle646137AC",
                      },
                      ":*",
                    ],
                  ],
                },
              ],
            },
            {
              "Action": [
                "codebuild:CreateReportGroup",
                "codebuild:CreateReport",
                "codebuild:UpdateReport",
                "codebuild:BatchPutTestCases",
                "codebuild:BatchPutCodeCoverages",
              ],
              "Effect": "Allow",
              "Resource": {
                "Fn::Join": [
                  "",
                  [
                    "arn:",
                    {
                      "Ref": "AWS::Partition",
                    },
                    ":codebuild:us-east-1:222258372212:report-group/",
                    {
                      "Ref": "AlpineBundle646137AC",
                    },
                    "-*",
                  ],
                ],
              },
            },
          ],
          "Version": "2012-10-17",
        },
        "PolicyName": "AlpineBundleRoleDefaultPolicy4B149A9D",
        "Roles": [
          {
            "Ref": "AlpineBundleRole73C0A50F",
          },
        ],
      },
      "Type": "AWS::IAM::Policy",
    },
    "CodebuildLogs71A917B2": {
      "DeletionPolicy": "Delete",
      "Properties": {
        "LogGroupName": "dummy-stack-logs",
        "RetentionInDays": 14,
      },
      "Type": "AWS::Logs::LogGroup",
      "UpdateReplacePolicy": "Delete",
    },
    "Connection": {
      "Properties": {
        "ConnectionName": "ecs-watchbot",
        "ProviderType": "GitHub",
      },
      "Type": "AWS::CodeStarConnections::Connection",
    },
    "LinuxBundleFEBE4AAA": {
      "Properties": {
        "Artifacts": {
          "Type": "CODEPIPELINE",
        },
        "Cache": {
          "Type": "NO_CACHE",
        },
        "EncryptionKey": "alias/aws/s3",
        "Environment": {
          "ComputeType": "BUILD_GENERAL1_SMALL",
          "EnvironmentVariables": [
            {
              "Name": "BUCKET_NAME",
              "Type": "PLAINTEXT",
              "Value": "ecs-watchbot-binaries-stg",
            },
          ],
          "Image": "aws/codebuild/standard:7.0",
          "ImagePullCredentialsType": "CODEBUILD",
          "PrivilegedMode": false,
          "Type": "LINUX_CONTAINER",
        },
        "LogsConfig": {
          "CloudWatchLogs": {
            "GroupName": {
              "Ref": "CodebuildLogs71A917B2",
            },
            "Status": "ENABLED",
          },
        },
        "Name": "dummy-stack-linux-bundle",
        "ServiceRole": {
          "Fn::GetAtt": [
            "LinuxBundleRole857A200D",
            "Arn",
          ],
        },
        "Source": {
          "BuildSpec": "{
  "version": "0.2",
  "phases": {
    "install": {
      "commands": [
        "npm ci --production"
      ]
    },
    "build": {
      "commands": [
        "node bin/watchbot-binary-generator"
      ]
    }
  }
}",
          "Type": "CODEPIPELINE",
        },
      },
      "Type": "AWS::CodeBuild::Project",
    },
    "LinuxBundleRole857A200D": {
      "Properties": {
        "AssumeRolePolicyDocument": {
          "Statement": [
            {
              "Action": "sts:AssumeRole",
              "Effect": "Allow",
              "Principal": {
                "Service": "codebuild.amazonaws.com",
              },
            },
          ],
          "Version": "2012-10-17",
        },
      },
      "Type": "AWS::IAM::Role",
    },
    "LinuxBundleRoleDefaultPolicyF6C6CB6D": {
      "Properties": {
        "PolicyDocument": {
          "Statement": [
            {
              "Action": [
                "logs:CreateLogStream",
                "logs:PutLogEvents",
              ],
              "Effect": "Allow",
              "Resource": {
                "Fn::GetAtt": [
                  "CodebuildLogs71A917B2",
                  "Arn",
                ],
              },
            },
            {
              "Action": [
                "logs:CreateLogGroup",
                "logs:CreateLogStream",
                "logs:PutLogEvents",
              ],
              "Effect": "Allow",
              "Resource": [
                {
                  "Fn::Join": [
                    "",
                    [
                      "arn:",
                      {
                        "Ref": "AWS::Partition",
                      },
                      ":logs:us-east-1:222258372212:log-group:/aws/codebuild/",
                      {
                        "Ref": "LinuxBundleFEBE4AAA",
                      },
                    ],
                  ],
                },
                {
                  "Fn::Join": [
                    "",
                    [
                      "arn:",
                      {
                        "Ref": "AWS::Partition",
                      },
                      ":logs:us-east-1:222258372212:log-group:/aws/codebuild/",
                      {
                        "Ref": "LinuxBundleFEBE4AAA",
                      },
                      ":*",
                    ],
                  ],
                },
              ],
            },
            {
              "Action": [
                "codebuild:CreateReportGroup",
                "codebuild:CreateReport",
                "codebuild:UpdateReport",
                "codebuild:BatchPutTestCases",
                "codebuild:BatchPutCodeCoverages",
              ],
              "Effect": "Allow",
              "Resource": {
                "Fn::Join": [
                  "",
                  [
                    "arn:",
                    {
                      "Ref": "AWS::Partition",
                    },
                    ":codebuild:us-east-1:222258372212:report-group/",
                    {
                      "Ref": "LinuxBundleFEBE4AAA",
                    },
                    "-*",
                  ],
                ],
              },
            },
          ],
          "Version": "2012-10-17",
        },
        "PolicyName": "LinuxBundleRoleDefaultPolicyF6C6CB6D",
        "Roles": [
          {
            "Ref": "LinuxBundleRole857A200D",
          },
        ],
      },
      "Type": "AWS::IAM::Policy",
    },
    "Pipeline": {
      "Properties": {
        "ArtifactStore": {
          "Location": "ecs-watchbot-binaries-stg",
          "Type": "S3",
        },
        "Name": "dummy-stack",
        "PipelineType": "V2",
        "RoleArn": {
          "Fn::GetAtt": [
            "PipelineRoleDCFDBB91",
            "Arn",
          ],
        },
        "Stages": [
          {
            "Actions": [
              {
                "ActionTypeId": {
                  "Category": "Source",
                  "Owner": "AWS",
                  "Provider": "CodeStarSourceConnection",
                  "Version": "1",
                },
                "Configuration": {
                  "BranchName": "master",
                  "ConnectionArn": {
                    "Fn::GetAtt": [
                      "Connection",
                      "ConnectionArn",
                    ],
                  },
                  "FullRepositoryId": "mapbox/ecs-watchbot",
                },
                "Name": "Github",
                "OutputArtifacts": [
                  {
                    "Name": "Source",
                  },
                ],
              },
            ],
            "Name": "Source",
          },
          {
            "Actions": [
              {
                "ActionTypeId": {
                  "Category": "Build",
                  "Owner": "AWS",
                  "Provider": "CodeBuild",
                  "Version": "1",
                },
                "Configuration": {
                  "ProjectName": {
                    "Ref": "TestCodebuild44B59119",
                  },
                },
                "InputArtifacts": [
                  {
                    "Name": "Source",
                  },
                ],
                "Name": "Test",
              },
            ],
            "Name": "Test",
          },
          {
            "Actions": [
              {
                "ActionTypeId": {
                  "Category": "Build",
                  "Owner": "AWS",
                  "Provider": "CodeBuild",
                  "Version": "1",
                },
                "Configuration": {
                  "ProjectName": {
                    "Ref": "LinuxBundleFEBE4AAA",
                  },
                },
                "InputArtifacts": [
                  {
                    "Name": "Source",
                  },
                ],
                "Name": "Bundle",
              },
              {
                "ActionTypeId": {
                  "Category": "Build",
                  "Owner": "AWS",
                  "Provider": "CodeBuild",
                  "Version": "1",
                },
                "Configuration": {
                  "ProjectName": {
                    "Ref": "AlpineBundle646137AC",
                  },
                },
                "InputArtifacts": [
                  {
                    "Name": "Source",
                  },
                ],
                "Name": "AlpineBundle",
              },
            ],
            "Name": "Bundle",
          },
        ],
      },
      "Type": "AWS::CodePipeline::Pipeline",
    },
    "PipelineRoleDCFDBB91": {
      "Properties": {
        "AssumeRolePolicyDocument": {
          "Statement": [
            {
              "Action": "sts:AssumeRole",
              "Effect": "Allow",
              "Principal": {
                "Service": "codepipeline.amazonaws.com",
              },
            },
          ],
          "Version": "2012-10-17",
        },
        "Policies": [
          {
            "PolicyDocument": {
              "Statement": [
                {
                  "Action": "s3:*",
                  "Effect": "Allow",
                  "Resource": [
                    "arn:aws:s3:::ecs-watchbot-binaries-stg",
                    "arn:aws:s3:::ecs-watchbot-binaries-stg/*",
                  ],
                  "Sid": "S3permissions",
                },
                {
                  "Action": [
                    "codebuild:StartBuild",
                    "codebuild:BatchGetBuilds",
                    "codestar-connections:*",
                  ],
                  "Effect": "Allow",
                  "Resource": "*",
                },
                {
                  "Action": "sts:AssumeRole",
                  "Effect": "Allow",
                  "Resource": [
                    {
                      "Fn::GetAtt": [
                        "LinuxBundleRole857A200D",
                        "Arn",
                      ],
                    },
                    {
                      "Fn::GetAtt": [
                        "AlpineBundleRole73C0A50F",
                        "Arn",
                      ],
                    },
                  ],
                },
              ],
              "Version": "2012-10-17",
            },
            "PolicyName": "main",
          },
        ],
      },
      "Type": "AWS::IAM::Role",
    },
    "S3Policy8FACFAB8": {
      "Properties": {
        "PolicyDocument": {
          "Statement": [
            {
              "Action": [
                "s3:PutObject",
                "s3:GetObject",
                "s3:GetObjectVersion",
              ],
              "Effect": "Allow",
              "Resource": [
                "arn:aws:s3:::ecs-watchbot-binaries-stg",
                "arn:aws:s3:::ecs-watchbot-binaries-stg/*",
              ],
            },
          ],
          "Version": "2012-10-17",
        },
        "PolicyName": "S3Policy8FACFAB8",
        "Roles": [
          {
            "Ref": "LinuxBundleRole857A200D",
          },
          {
            "Ref": "AlpineBundleRole73C0A50F",
          },
          {
            "Ref": "TestCodebuildRoleD0274C56",
          },
        ],
      },
      "Type": "AWS::IAM::Policy",
    },
    "TestCodebuild44B59119": {
      "Properties": {
        "Artifacts": {
          "Type": "CODEPIPELINE",
        },
        "Cache": {
          "Type": "NO_CACHE",
        },
        "Description": "Runs tests",
        "EncryptionKey": "alias/aws/s3",
        "Environment": {
          "ComputeType": "BUILD_GENERAL1_SMALL",
          "EnvironmentVariables": [
            {
              "Name": "BUCKET_NAME",
              "Type": "PLAINTEXT",
              "Value": "watchbot-binaries",
            },
          ],
          "Image": "aws/codebuild/standard:7.0",
          "ImagePullCredentialsType": "CODEBUILD",
          "PrivilegedMode": false,
          "Type": "LINUX_CONTAINER",
        },
        "LogsConfig": {
          "CloudWatchLogs": {
            "GroupName": {
              "Ref": "CodebuildLogs71A917B2",
            },
            "Status": "ENABLED",
          },
        },
        "Name": "dummy-stack-test",
        "ServiceRole": {
          "Fn::GetAtt": [
            "TestCodebuildRoleD0274C56",
            "Arn",
          ],
        },
        "Source": {
          "BuildSpec": "{
  "version": "0.2",
  "phases": {
    "pre_build": {
      "commands": [
        "docker build -q -t ecs-watchbot -f test/Dockerfile ./"
      ]
    },
    "build": {
      "commands": [
        "docker run -t ecs-watchbot npm run test-container"
      ]
    }
  }
}",
          "Type": "CODEPIPELINE",
        },
      },
      "Type": "AWS::CodeBuild::Project",
    },
    "TestCodebuildRoleD0274C56": {
      "Properties": {
        "AssumeRolePolicyDocument": {
          "Statement": [
            {
              "Action": "sts:AssumeRole",
              "Effect": "Allow",
              "Principal": {
                "Service": "codebuild.amazonaws.com",
              },
            },
          ],
          "Version": "2012-10-17",
        },
      },
      "Type": "AWS::IAM::Role",
    },
    "TestCodebuildRoleDefaultPolicy9B3918A7": {
      "Properties": {
        "PolicyDocument": {
          "Statement": [
            {
              "Action": [
                "logs:CreateLogStream",
                "logs:PutLogEvents",
              ],
              "Effect": "Allow",
              "Resource": {
                "Fn::GetAtt": [
                  "CodebuildLogs71A917B2",
                  "Arn",
                ],
              },
            },
            {
              "Action": [
                "logs:CreateLogGroup",
                "logs:CreateLogStream",
                "logs:PutLogEvents",
              ],
              "Effect": "Allow",
              "Resource": [
                {
                  "Fn::Join": [
                    "",
                    [
                      "arn:",
                      {
                        "Ref": "AWS::Partition",
                      },
                      ":logs:us-east-1:222258372212:log-group:/aws/codebuild/",
                      {
                        "Ref": "TestCodebuild44B59119",
                      },
                    ],
                  ],
                },
                {
                  "Fn::Join": [
                    "",
                    [
                      "arn:",
                      {
                        "Ref": "AWS::Partition",
                      },
                      ":logs:us-east-1:222258372212:log-group:/aws/codebuild/",
                      {
                        "Ref": "TestCodebuild44B59119",
                      },
                      ":*",
                    ],
                  ],
                },
              ],
            },
            {
              "Action": [
                "codebuild:CreateReportGroup",
                "codebuild:CreateReport",
                "codebuild:UpdateReport",
                "codebuild:BatchPutTestCases",
                "codebuild:BatchPutCodeCoverages",
              ],
              "Effect": "Allow",
              "Resource": {
                "Fn::Join": [
                  "",
                  [
                    "arn:",
                    {
                      "Ref": "AWS::Partition",
                    },
                    ":codebuild:us-east-1:222258372212:report-group/",
                    {
                      "Ref": "TestCodebuild44B59119",
                    },
                    "-*",
                  ],
                ],
              },
            },
          ],
          "Version": "2012-10-17",
        },
        "PolicyName": "TestCodebuildRoleDefaultPolicy9B3918A7",
        "Roles": [
          {
            "Ref": "TestCodebuildRoleD0274C56",
          },
        ],
      },
      "Type": "AWS::IAM::Policy",
    },
  },
  "Rules": {
    "CheckBootstrapVersion": {
      "Assertions": [
        {
          "Assert": {
            "Fn::Not": [
              {
                "Fn::Contains": [
                  [
                    "1",
                    "2",
                    "3",
                    "4",
                    "5",
                  ],
                  {
                    "Ref": "BootstrapVersion",
                  },
                ],
              },
            ],
          },
          "AssertDescription": "CDK bootstrap stack version 6 required. Please run 'cdk bootstrap' with a recent version of the CDK CLI.",
        },
      ],
    },
  },
}
`;
