// Jest Snapshot v1, https://goo.gl/fbAQLP

exports[`FargateWatchbot When passing the minimal required props Snap 1`] = `
{
  "Outputs": {
    "MyFargateWatchbotServiceSQSQueueA736D234": {
      "Value": {
        "Fn::GetAtt": [
          "MyFargateWatchbotQueueF9A1A651",
          "QueueName",
        ],
      },
    },
    "MyFargateWatchbotServiceSQSQueueArn8B33ABBC": {
      "Value": {
        "Fn::GetAtt": [
          "MyFargateWatchbotQueueF9A1A651",
          "Arn",
        ],
      },
    },
  },
  "Parameters": {
    "BootstrapVersion": {
      "Default": "/cdk-bootstrap/hnb659fds/version",
      "Description": "Version of the CDK Bootstrap resources in this environment, automatically retrieved from SSM Parameter Store. [cdk:skip]",
      "Type": "AWS::SSM::Parameter::Value<String>",
    },
  },
  "Resources": {
    "MyFargateWatchbotDeadLetterQueueF490A7BD": {
      "DeletionPolicy": "Delete",
      "Properties": {
        "ContentBasedDeduplication": false,
        "FifoQueue": false,
        "MessageRetentionPeriod": 1209600,
        "QueueName": "test-stack-WatchbotDeadLetterQueue",
      },
      "Type": "AWS::SQS::Queue",
      "UpdateReplacePolicy": "Delete",
    },
    "MyFargateWatchbotQueueF9A1A651": {
      "DeletionPolicy": "Delete",
      "Properties": {
        "ContentBasedDeduplication": false,
        "FifoQueue": false,
        "MessageRetentionPeriod": 1209600,
        "QueueName": "test-stack-WatchbotQueue",
        "RedrivePolicy": {
          "deadLetterTargetArn": {
            "Fn::GetAtt": [
              "MyFargateWatchbotDeadLetterQueueF490A7BD",
              "Arn",
            ],
          },
          "maxReceiveCount": 10,
        },
        "VisibilityTimeout": 180,
      },
      "Type": "AWS::SQS::Queue",
      "UpdateReplacePolicy": "Delete",
    },
    "MyFargateWatchbotQueuePolicy5FF0F7E7": {
      "Properties": {
        "PolicyDocument": {
          "Statement": [
            {
              "Action": "sqs:SendMessage",
              "Condition": {
                "ArnEquals": {
                  "aws:SourceArn": {
                    "Ref": "MyFargateWatchbotTopic81B7C8EE",
                  },
                },
              },
              "Effect": "Allow",
              "Principal": {
                "Service": "sns.amazonaws.com",
              },
              "Resource": {
                "Fn::GetAtt": [
                  "MyFargateWatchbotQueueF9A1A651",
                  "Arn",
                ],
              },
            },
            {
              "Action": [
                "sqs:SendMessage",
                "sqs:GetQueueAttributes",
                "sqs:GetQueueUrl",
              ],
              "Condition": {
                "ArnEquals": {
                  "aws:SourceArn": {
                    "Ref": "MyFargateWatchbotTopic81B7C8EE",
                  },
                },
              },
              "Effect": "Allow",
              "Principal": {
                "AWS": "*",
              },
              "Resource": {
                "Fn::GetAtt": [
                  "MyFargateWatchbotQueueF9A1A651",
                  "Arn",
                ],
              },
            },
          ],
          "Version": "2012-10-17",
        },
        "Queues": [
          {
            "Ref": "MyFargateWatchbotQueueF9A1A651",
          },
        ],
      },
      "Type": "AWS::SQS::QueuePolicy",
    },
    "MyFargateWatchbotQueueteststackMyFargateWatchbotTopic0A7E57440F2D9F88": {
      "DependsOn": [
        "MyFargateWatchbotQueuePolicy5FF0F7E7",
      ],
      "Properties": {
        "Endpoint": {
          "Fn::GetAtt": [
            "MyFargateWatchbotQueueF9A1A651",
            "Arn",
          ],
        },
        "Protocol": "sqs",
        "TopicArn": {
          "Ref": "MyFargateWatchbotTopic81B7C8EE",
        },
      },
      "Type": "AWS::SNS::Subscription",
    },
    "MyFargateWatchbotServiceQueueProcessingFargateService5279DF34": {
      "DependsOn": [
        "MyFargateWatchbotServiceQueueProcessingTaskDefTaskRoleDefaultPolicy04A6B48A",
        "MyFargateWatchbotServiceQueueProcessingTaskDefTaskRoleE1E24202",
      ],
      "Properties": {
        "Cluster": "fargate-processing-staging",
        "DeploymentConfiguration": {
          "Alarms": {
            "AlarmNames": [],
            "Enable": false,
            "Rollback": false,
          },
          "MaximumPercent": 200,
          "MinimumHealthyPercent": 50,
        },
        "EnableECSManagedTags": false,
        "LaunchType": "FARGATE",
        "NetworkConfiguration": {
          "AwsvpcConfiguration": {
            "AssignPublicIp": "DISABLED",
            "SecurityGroups": [
              {
                "Fn::GetAtt": [
                  "MyFargateWatchbotServiceQueueProcessingFargateServiceSecurityGroup49094411",
                  "GroupId",
                ],
              },
            ],
            "Subnets": [
              "p-12345",
              "p-67890",
            ],
          },
        },
        "PropagateTags": "TASK_DEFINITION",
        "ServiceName": "test-service",
        "TaskDefinition": {
          "Ref": "MyFargateWatchbotServiceQueueProcessingTaskDef4E1EFFF9",
        },
      },
      "Type": "AWS::ECS::Service",
    },
    "MyFargateWatchbotServiceQueueProcessingFargateServiceSecurityGroup49094411": {
      "DependsOn": [
        "MyFargateWatchbotServiceQueueProcessingTaskDefTaskRoleDefaultPolicy04A6B48A",
        "MyFargateWatchbotServiceQueueProcessingTaskDefTaskRoleE1E24202",
      ],
      "Properties": {
        "GroupDescription": "test-stack/MyFargateWatchbot/Service/QueueProcessingFargateService/SecurityGroup",
        "SecurityGroupEgress": [
          {
            "CidrIp": "0.0.0.0/0",
            "Description": "Allow all outbound traffic by default",
            "IpProtocol": "-1",
          },
        ],
        "VpcId": "vpc-12345",
      },
      "Type": "AWS::EC2::SecurityGroup",
    },
    "MyFargateWatchbotServiceQueueProcessingFargateServiceTaskCountTargetCpuScaling6546AF11": {
      "DependsOn": [
        "MyFargateWatchbotServiceQueueProcessingTaskDefTaskRoleDefaultPolicy04A6B48A",
        "MyFargateWatchbotServiceQueueProcessingTaskDefTaskRoleE1E24202",
      ],
      "Properties": {
        "PolicyName": "teststackMyFargateWatchbotServiceQueueProcessingFargateServiceTaskCountTargetCpuScaling33C94A45",
        "PolicyType": "TargetTrackingScaling",
        "ScalingTargetId": {
          "Ref": "MyFargateWatchbotServiceQueueProcessingFargateServiceTaskCountTargetF7270170",
        },
        "TargetTrackingScalingPolicyConfiguration": {
          "PredefinedMetricSpecification": {
            "PredefinedMetricType": "ECSServiceAverageCPUUtilization",
          },
          "TargetValue": 50,
        },
      },
      "Type": "AWS::ApplicationAutoScaling::ScalingPolicy",
    },
    "MyFargateWatchbotServiceQueueProcessingFargateServiceTaskCountTargetF7270170": {
      "DependsOn": [
        "MyFargateWatchbotServiceQueueProcessingTaskDefTaskRoleDefaultPolicy04A6B48A",
        "MyFargateWatchbotServiceQueueProcessingTaskDefTaskRoleE1E24202",
      ],
      "Properties": {
        "MaxCapacity": 2,
        "MinCapacity": 1,
        "ResourceId": {
          "Fn::Join": [
            "",
            [
              "service/fargate-processing-staging/",
              {
                "Fn::GetAtt": [
                  "MyFargateWatchbotServiceQueueProcessingFargateService5279DF34",
                  "Name",
                ],
              },
            ],
          ],
        },
        "RoleARN": {
          "Fn::Join": [
            "",
            [
              "arn:",
              {
                "Ref": "AWS::Partition",
              },
              ":iam::222258372212:role/aws-service-role/ecs.application-autoscaling.amazonaws.com/AWSServiceRoleForApplicationAutoScaling_ECSService",
            ],
          ],
        },
        "ScalableDimension": "ecs:service:DesiredCount",
        "ServiceNamespace": "ecs",
      },
      "Type": "AWS::ApplicationAutoScaling::ScalableTarget",
    },
    "MyFargateWatchbotServiceQueueProcessingFargateServiceTaskCountTargetQueueMessagesVisibleScalingLowerAlarmA455F673": {
      "DependsOn": [
        "MyFargateWatchbotServiceQueueProcessingTaskDefTaskRoleDefaultPolicy04A6B48A",
        "MyFargateWatchbotServiceQueueProcessingTaskDefTaskRoleE1E24202",
      ],
      "Properties": {
        "AlarmActions": [
          {
            "Ref": "MyFargateWatchbotServiceQueueProcessingFargateServiceTaskCountTargetQueueMessagesVisibleScalingLowerPolicy60AB646F",
          },
        ],
        "AlarmDescription": "Lower threshold scaling alarm",
        "ComparisonOperator": "LessThanOrEqualToThreshold",
        "Dimensions": [
          {
            "Name": "QueueName",
            "Value": {
              "Fn::GetAtt": [
                "MyFargateWatchbotQueueF9A1A651",
                "QueueName",
              ],
            },
          },
        ],
        "EvaluationPeriods": 1,
        "MetricName": "ApproximateNumberOfMessagesVisible",
        "Namespace": "AWS/SQS",
        "Period": 300,
        "Statistic": "Maximum",
        "Threshold": 0,
      },
      "Type": "AWS::CloudWatch::Alarm",
    },
    "MyFargateWatchbotServiceQueueProcessingFargateServiceTaskCountTargetQueueMessagesVisibleScalingLowerPolicy60AB646F": {
      "DependsOn": [
        "MyFargateWatchbotServiceQueueProcessingTaskDefTaskRoleDefaultPolicy04A6B48A",
        "MyFargateWatchbotServiceQueueProcessingTaskDefTaskRoleE1E24202",
      ],
      "Properties": {
        "PolicyName": "teststackMyFargateWatchbotServiceQueueProcessingFargateServiceTaskCountTargetQueueMessagesVisibleScalingLowerPolicyE0D895F0",
        "PolicyType": "StepScaling",
        "ScalingTargetId": {
          "Ref": "MyFargateWatchbotServiceQueueProcessingFargateServiceTaskCountTargetF7270170",
        },
        "StepScalingPolicyConfiguration": {
          "AdjustmentType": "ChangeInCapacity",
          "MetricAggregationType": "Maximum",
          "StepAdjustments": [
            {
              "MetricIntervalUpperBound": 0,
              "ScalingAdjustment": -1,
            },
          ],
        },
      },
      "Type": "AWS::ApplicationAutoScaling::ScalingPolicy",
    },
    "MyFargateWatchbotServiceQueueProcessingFargateServiceTaskCountTargetQueueMessagesVisibleScalingUpperAlarm3ECE77FA": {
      "DependsOn": [
        "MyFargateWatchbotServiceQueueProcessingTaskDefTaskRoleDefaultPolicy04A6B48A",
        "MyFargateWatchbotServiceQueueProcessingTaskDefTaskRoleE1E24202",
      ],
      "Properties": {
        "AlarmActions": [
          {
            "Ref": "MyFargateWatchbotServiceQueueProcessingFargateServiceTaskCountTargetQueueMessagesVisibleScalingUpperPolicy43B1877A",
          },
        ],
        "AlarmDescription": "Upper threshold scaling alarm",
        "ComparisonOperator": "GreaterThanOrEqualToThreshold",
        "Dimensions": [
          {
            "Name": "QueueName",
            "Value": {
              "Fn::GetAtt": [
                "MyFargateWatchbotQueueF9A1A651",
                "QueueName",
              ],
            },
          },
        ],
        "EvaluationPeriods": 1,
        "MetricName": "ApproximateNumberOfMessagesVisible",
        "Namespace": "AWS/SQS",
        "Period": 300,
        "Statistic": "Maximum",
        "Threshold": 100,
      },
      "Type": "AWS::CloudWatch::Alarm",
    },
    "MyFargateWatchbotServiceQueueProcessingFargateServiceTaskCountTargetQueueMessagesVisibleScalingUpperPolicy43B1877A": {
      "DependsOn": [
        "MyFargateWatchbotServiceQueueProcessingTaskDefTaskRoleDefaultPolicy04A6B48A",
        "MyFargateWatchbotServiceQueueProcessingTaskDefTaskRoleE1E24202",
      ],
      "Properties": {
        "PolicyName": "teststackMyFargateWatchbotServiceQueueProcessingFargateServiceTaskCountTargetQueueMessagesVisibleScalingUpperPolicy841E001C",
        "PolicyType": "StepScaling",
        "ScalingTargetId": {
          "Ref": "MyFargateWatchbotServiceQueueProcessingFargateServiceTaskCountTargetF7270170",
        },
        "StepScalingPolicyConfiguration": {
          "AdjustmentType": "ChangeInCapacity",
          "MetricAggregationType": "Maximum",
          "StepAdjustments": [
            {
              "MetricIntervalLowerBound": 0,
              "MetricIntervalUpperBound": 400,
              "ScalingAdjustment": 1,
            },
            {
              "MetricIntervalLowerBound": 400,
              "ScalingAdjustment": 5,
            },
          ],
        },
      },
      "Type": "AWS::ApplicationAutoScaling::ScalingPolicy",
    },
    "MyFargateWatchbotServiceQueueProcessingTaskDef4E1EFFF9": {
      "Properties": {
        "ContainerDefinitions": [
          {
            "Command": [
              "watchbot",
              "listen",
              "echo",
              "hello",
            ],
            "Environment": [
              {
                "Name": "QueueUrl",
                "Value": {
                  "Ref": "MyFargateWatchbotQueueF9A1A651",
                },
              },
              {
                "Name": "LogGroup",
                "Value": {
                  "Fn::GetAtt": [
                    "WatchbotLogGroup",
                    "Arn",
                  ],
                },
              },
              {
                "Name": "writableFilesystem",
                "Value": "false",
              },
              {
                "Name": "maxJobDuration",
                "Value": "0",
              },
              {
                "Name": "Volumes",
                "Value": "/tmp",
              },
              {
                "Name": "Fifo",
                "Value": "false",
              },
              {
                "Name": "structuredLogging",
                "Value": "false",
              },
              {
                "Name": "QUEUE_NAME",
                "Value": {
                  "Fn::GetAtt": [
                    "MyFargateWatchbotQueueF9A1A651",
                    "QueueName",
                  ],
                },
              },
              {
                "Name": "WorkTopic",
                "Value": {
                  "Ref": "MyFargateWatchbotTopic81B7C8EE",
                },
              },
            ],
            "Essential": true,
            "Image": "amazon/amazon-ecs-sample",
            "LogConfiguration": {
              "LogDriver": "awslogs",
              "Options": {
                "awslogs-group": {
                  "Ref": "WatchbotLogGroup",
                },
                "awslogs-region": "us-east-1",
                "awslogs-stream-prefix": "1.0.0",
              },
            },
            "MountPoints": [
              {
                "ContainerPath": "/tmp",
                "ReadOnly": true,
                "SourceVolume": "tmp",
              },
            ],
            "Name": "Watchbot-test-stack",
            "Privileged": false,
            "ReadonlyRootFilesystem": true,
            "Ulimits": [
              {
                "HardLimit": 10240,
                "Name": "nofile",
                "SoftLimit": 10240,
              },
            ],
          },
        ],
        "Cpu": "256",
        "ExecutionRoleArn": {
          "Fn::GetAtt": [
            "MyFargateWatchbotServiceQueueProcessingTaskDefExecutionRole6C7B1C59",
            "Arn",
          ],
        },
        "Family": "test-service",
        "Memory": "512",
        "NetworkMode": "awsvpc",
        "RequiresCompatibilities": [
          "FARGATE",
        ],
        "TaskRoleArn": {
          "Fn::GetAtt": [
            "MyFargateWatchbotServiceQueueProcessingTaskDefTaskRoleE1E24202",
            "Arn",
          ],
        },
        "Volumes": [
          {
            "Name": "tmp",
          },
        ],
      },
      "Type": "AWS::ECS::TaskDefinition",
    },
    "MyFargateWatchbotServiceQueueProcessingTaskDefExecutionRole6C7B1C59": {
      "Properties": {
        "AssumeRolePolicyDocument": {
          "Statement": [
            {
              "Action": "sts:AssumeRole",
              "Effect": "Allow",
              "Principal": {
                "Service": "ecs-tasks.amazonaws.com",
              },
            },
          ],
          "Version": "2012-10-17",
        },
      },
      "Type": "AWS::IAM::Role",
    },
    "MyFargateWatchbotServiceQueueProcessingTaskDefExecutionRoleDefaultPolicyE99BBDF1": {
      "Properties": {
        "PolicyDocument": {
          "Statement": [
            {
              "Action": [
                "logs:CreateLogStream",
                "logs:PutLogEvents",
              ],
              "Effect": "Allow",
              "Resource": {
                "Fn::GetAtt": [
                  "WatchbotLogGroup",
                  "Arn",
                ],
              },
            },
          ],
          "Version": "2012-10-17",
        },
        "PolicyName": "MyFargateWatchbotServiceQueueProcessingTaskDefExecutionRoleDefaultPolicyE99BBDF1",
        "Roles": [
          {
            "Ref": "MyFargateWatchbotServiceQueueProcessingTaskDefExecutionRole6C7B1C59",
          },
        ],
      },
      "Type": "AWS::IAM::Policy",
    },
    "MyFargateWatchbotServiceQueueProcessingTaskDefTaskRoleDefaultPolicy04A6B48A": {
      "Properties": {
        "PolicyDocument": {
          "Statement": [
            {
              "Action": [
                "sqs:ReceiveMessage",
                "sqs:ChangeMessageVisibility",
                "sqs:GetQueueUrl",
                "sqs:DeleteMessage",
                "sqs:GetQueueAttributes",
              ],
              "Effect": "Allow",
              "Resource": {
                "Fn::GetAtt": [
                  "MyFargateWatchbotQueueF9A1A651",
                  "Arn",
                ],
              },
            },
            {
              "Action": "sns:Publish",
              "Effect": "Allow",
              "Resource": {
                "Ref": "MyFargateWatchbotTopic81B7C8EE",
              },
            },
          ],
          "Version": "2012-10-17",
        },
        "PolicyName": "MyFargateWatchbotServiceQueueProcessingTaskDefTaskRoleDefaultPolicy04A6B48A",
        "Roles": [
          {
            "Ref": "MyFargateWatchbotServiceQueueProcessingTaskDefTaskRoleE1E24202",
          },
        ],
      },
      "Type": "AWS::IAM::Policy",
    },
    "MyFargateWatchbotServiceQueueProcessingTaskDefTaskRoleE1E24202": {
      "Properties": {
        "AssumeRolePolicyDocument": {
          "Statement": [
            {
              "Action": "sts:AssumeRole",
              "Effect": "Allow",
              "Principal": {
                "Service": "ecs-tasks.amazonaws.com",
              },
            },
          ],
          "Version": "2012-10-17",
        },
      },
      "Type": "AWS::IAM::Role",
    },

  },
  "Rules": {
    "CheckBootstrapVersion": {
      "Assertions": [
        {
          "Assert": {
            "Fn::Not": [
              {
                "Fn::Contains": [
                  [
                    "1",
                    "2",
                    "3",
                    "4",
                    "5",
                  ],
                  {
                    "Ref": "BootstrapVersion",
                  },
                ],
              },
            ],
          },
          "AssertDescription": "CDK bootstrap stack version 6 required. Please run 'cdk bootstrap' with a recent version of the CDK CLI.",
        },
      ],
    },
  },
}
`;
